
> college-placement-management@0.0.0 build
> ng build

[33mΓ¥»[39m Building...
[32mΓ£ö[39m Building...
[1mInitial chunk files[22m[2m | [22m[1mNames[22m        [2m | [22m [1mRaw size[22m[2m | [22m[1mEstimated transfer size[22m
[32mmain-EEELRIKY.js[39m   [2m | [22m[2mmain[22m         [2m | [22m[36m932.45 kB[39m[2m | [22m              [36m212.13 kB[39m
[32mstyles-W4UNYUW7.css[39m[2m | [22m[2mstyles[22m       [2m | [22m [36m72.89 kB[39m[2m | [22m               [36m10.50 kB[39m

[1m [22m                  [2m | [22m[1mInitial total[22m[2m | [22m  [1m[91m1.01 MB[39m[22m[2m | [22m              [1m222.63 kB[22m

Application bundle generation failed. [11.215 seconds] - 2026-04-11T05:00:39.806Z

node.exe : [1m[33m[33mΓû▓ 
[43;33m[[43;30mWARNING[43;33m][0m [1mNG8113: 
NavbarComponent is not used within the template of 
HomeComponent[0m [1m[35m[plugin 
angular-compiler][0m
At line:1 char:1
+ & "C:\Program Files\nodejs/node.exe" "C:\Program 
Files\nodejs/node_mo ...
+ ~~~~~~~~~~~~~~~~~~~~~~~~~~~~~~~~~~~~~~~~~~~~~~~~~~~
~~~~~~~~~~~~~~~~~~
    + CategoryInfo          : NotSpecified: ([1m[3 
   3m[33mΓ...r-compiler][0m:String) [], RemoteExc  
  eption
    + FullyQualifiedErrorId : NativeCommandError
 

    src/app/pages/user/home/home.ts:20:26:
[37m      20 Γöé   imports: [CommonModule, 
[32mNavbarComponent[37m, FormsModule],
         Γò╡                           
[32m~~~~~~~~~~~~~~~[0m


[33mΓû▓ [43;33m[[43;30mWARNING[43;33m][0m 
[1mNG8113: NavbarComponent is not used within the 
template of StudentDashboard[0m [1m[35m[plugin 
angular-compiler][0m

    src/app/pages/user/student-dashboard/student-dash
board.ts:11:40:
[37m      11 Γöé   imports: [CommonModule, 
RouterModule, [32mNavbarComponent[37m],
         Γò╡                                         
[32m~~~~~~~~~~~~~~~[0m


[33mΓû▓ [43;33m[[43;30mWARNING[43;33m][0m 
[1mbundle initial exceeded maximum budget. Budget 
500.00 kB was not met by 505.35 kB with a total of 
1.01 MB.[0m

[39m[22m
[1m[31m[31mX [41;31m[[41;97mERROR[41;31m][0m 
[1mbundle initial exceeded maximum budget. Budget 
1.00 MB was not met by 5.35 kB with a total of 1.01 
MB.[0m

[39m[22m
